
> react-kavia@0.1.0 start
> react-scripts start

(node:401) [DEP_WEBPACK_DEV_SERVER_ON_AFTER_SETUP_MIDDLEWARE] DeprecationWarning: 'onAfterSetupMiddleware' option is deprecated. Please use the 'setupMiddlewares' option.
(Use `node --trace-deprecation ...` to show where the warning was created)
(node:401) [DEP_WEBPACK_DEV_SERVER_ON_BEFORE_SETUP_MIDDLEWARE] DeprecationWarning: 'onBeforeSetupMiddleware' option is deprecated. Please use the 'setupMiddlewares' option.
Starting the development server...

Compiled successfully!

You can now view react-kavia in the browser.

  Local:            http://localhost:3000
  On Your Network:  http://172.17.0.2:3000

Note that the development build is not optimized.
To create a production build, use npm run build.

webpack compiled successfully
Compiling...
Failed to compile.

Module not found: Error: Can't resolve 'react-router-dom' in '/home/kavia/workspace/code-generation/darkspectrum-skittles-102478-3c2dbd91/dark_spectrum_skittles/src'
ERROR in ./src/App.js 7:0-74
Module not found: Error: Can't resolve 'react-router-dom' in '/home/kavia/workspace/code-generation/darkspectrum-skittles-102478-3c2dbd91/dark_spectrum_skittles/src'

ERROR in ./src/components/Navbar.js 5:0-40
Module not found: Error: Can't resolve 'react-router-dom' in '/home/kavia/workspace/code-generation/darkspectrum-skittles-102478-3c2dbd91/dark_spectrum_skittles/src/components'

ERROR in ./src/pages/Home.js 6:0-40
Module not found: Error: Can't resolve 'react-router-dom' in '/home/kavia/workspace/code-generation/darkspectrum-skittles-102478-3c2dbd91/dark_spectrum_skittles/src/pages'

ERROR in ./src/pages/ProductDetail.js 6:0-45
Module not found: Error: Can't resolve 'react-router-dom' in '/home/kavia/workspace/code-generation/darkspectrum-skittles-102478-3c2dbd91/dark_spectrum_skittles/src/pages'

webpack compiled with 4 errors
Compiling...
Failed to compile.

Module not found: Error: Can't resolve 'react-router-dom' in '/home/kavia/workspace/code-generation/darkspectrum-skittles-102478-3c2dbd91/dark_spectrum_skittles/src'
ERROR in ./src/App.js 7:0-74
Module not found: Error: Can't resolve 'react-router-dom' in '/home/kavia/workspace/code-generation/darkspectrum-skittles-102478-3c2dbd91/dark_spectrum_skittles/src'

ERROR in ./src/components/Navbar.js 5:0-40
Module not found: Error: Can't resolve 'react-router-dom' in '/home/kavia/workspace/code-generation/darkspectrum-skittles-102478-3c2dbd91/dark_spectrum_skittles/src/components'

ERROR in ./src/pages/Home.js 6:0-40
Module not found: Error: Can't resolve 'react-router-dom' in '/home/kavia/workspace/code-generation/darkspectrum-skittles-102478-3c2dbd91/dark_spectrum_skittles/src/pages'

ERROR in ./src/pages/ProductDetail.js 6:0-45
Module not found: Error: Can't resolve 'react-router-dom' in '/home/kavia/workspace/code-generation/darkspectrum-skittles-102478-3c2dbd91/dark_spectrum_skittles/src/pages'

webpack compiled with 4 errors
Compiling...
Failed to compile.

Module not found: Error: Can't resolve 'react-router-dom' in '/home/kavia/workspace/code-generation/darkspectrum-skittles-102478-3c2dbd91/dark_spectrum_skittles/src'
LOG from webpack.FileSystemInfo
<w> Managed item /home/kavia/workspace/code-generation/darkspectrum-skittles-102478-3c2dbd91/dark_spectrum_skittles/node_modules/react-router-dom isn't a directory or doesn't contain a package.json (see snapshot.managedPaths option)
+ 13 hidden lines

ERROR in ./src/App.js 7:0-74
Module not found: Error: Can't resolve 'react-router-dom' in '/home/kavia/workspace/code-generation/darkspectrum-skittles-102478-3c2dbd91/dark_spectrum_skittles/src'

ERROR in ./src/components/Navbar.js 5:0-40
Module not found: Error: Can't resolve 'react-router-dom' in '/home/kavia/workspace/code-generation/darkspectrum-skittles-102478-3c2dbd91/dark_spectrum_skittles/src/components'

ERROR in ./src/pages/Home.js 6:0-40
Module not found: Error: Can't resolve 'react-router-dom' in '/home/kavia/workspace/code-generation/darkspectrum-skittles-102478-3c2dbd91/dark_spectrum_skittles/src/pages'

ERROR in ./src/pages/ProductDetail.js 6:0-45
Module not found: Error: Can't resolve 'react-router-dom' in '/home/kavia/workspace/code-generation/darkspectrum-skittles-102478-3c2dbd91/dark_spectrum_skittles/src/pages'

webpack compiled with 4 errors
Compiling...
Failed to compile.

Attempted import error: 'BrowserRouter' is not exported from 'react-router-dom' (imported as 'Router').
LOG from webpack.FileSystemInfo
<w> Managed item /home/kavia/workspace/code-generation/darkspectrum-skittles-102478-3c2dbd91/dark_spectrum_skittles/node_modules/react-router isn't a directory or doesn't contain a package.json (see snapshot.managedPaths option)
+ 13 hidden lines

ERROR in ./src/App.js 33:30-36
export 'BrowserRouter' (imported as 'Router') was not found in 'react-router-dom' (module has no exports)

ERROR in ./src/App.js 53:39-45
export 'Routes' (imported as 'Routes') was not found in 'react-router-dom' (module has no exports)

ERROR in ./src/App.js 54:42-47
export 'Route' (imported as 'Route') was not found in 'react-router-dom' (module has no exports)

ERROR in ./src/App.js 65:41-46
export 'Route' (imported as 'Route') was not found in 'react-router-dom' (module has no exports)

ERROR in ./src/App.js 76:41-46
export 'Route' (imported as 'Route') was not found in 'react-router-dom' (module has no exports)

ERROR in ./src/App.js 87:41-46
export 'Route' (imported as 'Route') was not found in 'react-router-dom' (module has no exports)

ERROR in ./src/components/Navbar.js 37:38-42
export 'Link' (imported as 'Link') was not found in 'react-router-dom' (module has no exports)

ERROR in ./src/components/Navbar.js 76:40-44
export 'Link' (imported as 'Link') was not found in 'react-router-dom' (module has no exports)

ERROR in ./src/components/Navbar.js 85:39-43
export 'Link' (imported as 'Link') was not found in 'react-router-dom' (module has no exports)

ERROR in ./src/components/Navbar.js 94:39-43
export 'Link' (imported as 'Link') was not found in 'react-router-dom' (module has no exports)

ERROR in ./src/pages/Home.js 72:37-41
export 'Link' (imported as 'Link') was not found in 'react-router-dom' (module has no exports)

ERROR in ./src/pages/ProductDetail.js 18:6-15
export 'useParams' (imported as 'useParams') was not found in 'react-router-dom' (module has no exports)

ERROR in ./src/pages/ProductDetail.js 87:10-19
export 'useParams' (imported as 'useParams') was not found in 'react-router-dom' (module has no exports)

ERROR in ./node_modules/react-router-dom/dist/index.mjs 13:0-66
Module not found: Error: Can't resolve 'react-router/dom' in '/home/kavia/workspace/code-generation/darkspectrum-skittles-102478-3c2dbd91/dark_spectrum_skittles/node_modules/react-router-dom/dist'

ERROR in ./node_modules/react-router-dom/dist/index.mjs 14:0-29
Module not found: Error: Can't resolve 'react-router' in '/home/kavia/workspace/code-generation/darkspectrum-skittles-102478-3c2dbd91/dark_spectrum_skittles/node_modules/react-router-dom/dist'

webpack compiled with 15 errors
Compiling...
Failed to compile.

Attempted import error: 'BrowserRouter' is not exported from 'react-router-dom' (imported as 'Router').
ERROR in ./src/App.js 33:30-36
export 'BrowserRouter' (imported as 'Router') was not found in 'react-router-dom' (module has no exports)

ERROR in ./src/App.js 53:39-45
export 'Routes' (imported as 'Routes') was not found in 'react-router-dom' (module has no exports)

ERROR in ./src/App.js 54:42-47
export 'Route' (imported as 'Route') was not found in 'react-router-dom' (module has no exports)

ERROR in ./src/App.js 65:41-46
export 'Route' (imported as 'Route') was not found in 'react-router-dom' (module has no exports)

ERROR in ./src/App.js 76:41-46
export 'Route' (imported as 'Route') was not found in 'react-router-dom' (module has no exports)

ERROR in ./src/App.js 87:41-46
export 'Route' (imported as 'Route') was not found in 'react-router-dom' (module has no exports)

ERROR in ./src/components/Navbar.js 37:38-42
export 'Link' (imported as 'Link') was not found in 'react-router-dom' (module has no exports)

ERROR in ./src/components/Navbar.js 76:40-44
export 'Link' (imported as 'Link') was not found in 'react-router-dom' (module has no exports)

ERROR in ./src/components/Navbar.js 85:39-43
export 'Link' (imported as 'Link') was not found in 'react-router-dom' (module has no exports)

ERROR in ./src/components/Navbar.js 94:39-43
export 'Link' (imported as 'Link') was not found in 'react-router-dom' (module has no exports)

ERROR in ./src/pages/Home.js 72:37-41
export 'Link' (imported as 'Link') was not found in 'react-router-dom' (module has no exports)

ERROR in ./src/pages/ProductDetail.js 18:6-15
export 'useParams' (imported as 'useParams') was not found in 'react-router-dom' (module has no exports)

ERROR in ./src/pages/ProductDetail.js 87:10-19
export 'useParams' (imported as 'useParams') was not found in 'react-router-dom' (module has no exports)

webpack compiled with 13 errors
Compiling...
Failed to compile.

Attempted import error: 'BrowserRouter' is not exported from 'react-router-dom' (imported as 'Router').
ERROR in ./src/App.js 33:30-36
export 'BrowserRouter' (imported as 'Router') was not found in 'react-router-dom' (module has no exports)

ERROR in ./src/App.js 53:39-45
export 'Routes' (imported as 'Routes') was not found in 'react-router-dom' (module has no exports)

ERROR in ./src/App.js 54:42-47
export 'Route' (imported as 'Route') was not found in 'react-router-dom' (module has no exports)

ERROR in ./src/App.js 65:41-46
export 'Route' (imported as 'Route') was not found in 'react-router-dom' (module has no exports)

ERROR in ./src/App.js 76:41-46
export 'Route' (imported as 'Route') was not found in 'react-router-dom' (module has no exports)

ERROR in ./src/App.js 87:41-46
export 'Route' (imported as 'Route') was not found in 'react-router-dom' (module has no exports)

ERROR in ./src/components/Navbar.js 37:38-42
export 'Link' (imported as 'Link') was not found in 'react-router-dom' (module has no exports)

ERROR in ./src/components/Navbar.js 76:40-44
export 'Link' (imported as 'Link') was not found in 'react-router-dom' (module has no exports)

ERROR in ./src/components/Navbar.js 85:39-43
export 'Link' (imported as 'Link') was not found in 'react-router-dom' (module has no exports)

ERROR in ./src/components/Navbar.js 94:39-43
export 'Link' (imported as 'Link') was not found in 'react-router-dom' (module has no exports)

ERROR in ./src/pages/Home.js 72:37-41
export 'Link' (imported as 'Link') was not found in 'react-router-dom' (module has no exports)

ERROR in ./src/pages/ProductDetail.js 18:6-15
export 'useParams' (imported as 'useParams') was not found in 'react-router-dom' (module has no exports)

ERROR in ./src/pages/ProductDetail.js 87:10-19
export 'useParams' (imported as 'useParams') was not found in 'react-router-dom' (module has no exports)

webpack compiled with 13 errors
